// Jest Snapshot v1, https://goo.gl/fbAQLP

exports[`Flip renders 1`] = `
<div
  class="sc-bdDqHD bIUCro"
>
  <div />
</div>
`;
