// Jest Snapshot v1, https://goo.gl/fbAQLP

exports[`Flip renders 1`] = `
<div
  class="styled__Wrapper-sc-1yhc6yo-0 fLfPzz"
>
  <div />
</div>
`;
