// Jest Snapshot v1, https://goo.gl/fbAQLP

exports[`Content renders 1`] = `
<span
  class="styled__Wrapper-sc-1oa8elu-0 eObMjy"
>
  <div>
    
        ## Markdown Content

        Looks **awesome!!**
      
  </div>
</span>
`;
