// Jest Snapshot v1, https://goo.gl/fbAQLP

exports[`FadeIn renders 1`] = `
<div
  class="sc-bdDqHD fgEUFx"
>
  <div />
</div>
`;
