// Jest Snapshot v1, https://goo.gl/fbAQLP

exports[`FadeIn renders 1`] = `
<div
  class="styled__Wrapper-sc-1cykrzd-0 gWdWiY"
>
  <div />
</div>
`;
