// Jest Snapshot v1, https://goo.gl/fbAQLP

exports[`Bio renders 1`] = `
<section
  class="sc-gtcySc dkCDlJ"
>
  <div
    class="sc-hKVqoC lfZKxd"
  >
    <img
      alt="Edoardo L'Astorina"
      src="https://0.gravatar.com/avatar/c88fdd33c5a3a417782e94a0774cee15?s=96&d=mm&r=g"
    />
    <h4
      class="sc-eCQicT ehmVUK"
    >
      Edoardo L'Astorina
    </h4>
  </div>
  <span
    class="sc-iCEzBS ddoKtl"
  >
    <div>
      Edoardo L'Astorina has 15 years of experience in software development. Edoardo has had a major role in the new [Transport for London](https://tfl.gov.uk) site and led the development of the new [Royal Opera House](https://roh.org.uk) site. Edoardo has developed sites and apps for [Intuit](https://intuit.com), [Stint](https://stint.co), [JPC](https://thinkjpc.com), [The Crocodile](//thecroc.com) and [Miura](https://miura.gi) Edoardo started [Blu Frame](https://blufra.me) to help companies develop sites that stand out, load fast and are easy for users to access Edoardo is passionate about risotto, Terrence Malick movies, Oasis songs and rowing
    </div>
  </span>
</section>
`;
